// Jest Snapshot v1, https://goo.gl/fbAQLP

exports[`should take a snapshot and render the app component 1`] = `<DocumentFragment />`;
